
[1m[46m RUN [49m[22m [36mv4.0.15 [39m[90mC:/Users/Obuzhukuk/Desktop/dilekceasist[39m

[90mstdout[2m | tests/legalSearchProFallback.test.ts[2m > [22m[2msearch-decisions simple backend[2m > [22m[2muses the simple Bedesten backend as the primary path
[22m[39m[LEGAL_SEARCH] API start source=all, mode=auto, provider=http, rawQuery="ise iade gecersiz fesih"

[90mstdout[2m | tests/legalSearchProFallback.test.ts[2m > [22m[2msearch-decisions simple backend[2m > [22m[2mcan start from legalSearchPacket even when keyword and rawQuery are empty
[22m[39m[LEGAL_SEARCH] API start source=all, mode=auto, provider=http, rawQuery="Ise iade gecersiz fesih"

[90mstdout[2m | tests/legalSearchProFallback.test.ts[2m > [22m[2msearch-decisions simple backend[2m > [22m[2mfalls back to legacy MCP when the requested source is unsupported by the simple backend
[22m[39m[LEGAL_SEARCH] API start source=uyap, mode=auto, provider=http, rawQuery="istinaf sure asimi"

 [32mÔ£ô[39m tests/yargiCliLive10.test.ts [2m([22m[2m4 tests[22m[2m)[22m[32m 35[2mms[22m[39m
[90mstdout[2m | tests/legalSearchProFallback.test.ts[2m > [22m[2msearch-decisions simple backend[2m > [22m[2mfalls back to legacy MCP when simple results are low quality and procedural-biased
[22m[39m[LEGAL_SEARCH] API start source=all, mode=pro, provider=http, rawQuery="Tapu iptali ve tescil ile muris muvazaasi davasinda tasinmaz devrinin muvazaali oldugu ileri surulmektedir."

[90mstdout[2m | tests/legalSearchProFallback.test.ts[2m > [22m[2msearch-decisions simple backend[2m > [22m[2mtries one extra query variant in pro mode before falling back to legacy
[22m[39m[LEGAL_SEARCH] API start source=all, mode=pro, provider=http, rawQuery="M├╝vekkil ┼şirket alaca─ş─▒n─▒ tahsil edemedi─şi i├ğin s├Âzle┼şmeye ayk─▒r─▒l─▒k ve ticari temerr├╝t nedeniyle tazminat talep etmekte"

[90mstdout[2m | tests/legalSearchProFallback.test.ts[2m > [22m[2msearch-decisions simple backend[2m > [22m[2mdoes not fall back to legacy MCP when CLI search is aborted
[22m[39m[LEGAL_SEARCH] API start source=all, mode=auto, provider=cli, rawQuery="uyusturucu madde ticareti tck 188"

[90mstdout[2m | tests/legalSearchProFallback.test.ts[2m > [22m[2msearch-decisions simple backend[2m > [22m[2mdoes not fall back to legacy MCP when CLI returns zero results
[22m[39m[LEGAL_SEARCH] API start source=all, mode=auto, provider=cli, rawQuery="uyusturucu madde ticareti tck 188"

[90mstdout[2m | tests/legalSearchProFallback.test.ts[2m > [22m[2msearch-decisions simple backend[2m > [22m[2mdoes not abort the request when req close fires before the response is written
[22m[39m[LEGAL_SEARCH] API start source=all, mode=auto, provider=cli, rawQuery="uyusturucu madde ticareti tck 188"

[90mstdout[2m | tests/legalSearchProFallback.test.ts[2m > [22m[2msearch-decisions simple backend[2m > [22m[2mcan use MCP as the primary backend when configured
[22m[39m[LEGAL_SEARCH] API start source=all, mode=auto, provider=http, rawQuery="Anonim sirket genel kurul kararinin iptali ve bilgi alma hakkinin ihlali tartisilmaktadir."

 [32mÔ£ô[39m tests/legalSearchProFallback.test.ts [2m([22m[2m9 tests[22m[2m)[22m[33m 12454[2mms[22m[39m
     [33m[2mÔ£ô[22m[39m uses the simple Bedesten backend as the primary path [33m 9572[2mms[22m[39m
     [33m[2mÔ£ô[22m[39m can start from legalSearchPacket even when keyword and rawQuery are empty [33m 383[2mms[22m[39m
     [33m[2mÔ£ô[22m[39m falls back to legacy MCP when simple results are low quality and procedural-biased [33m 1273[2mms[22m[39m
     [33m[2mÔ£ô[22m[39m tries one extra query variant in pro mode before falling back to legacy [33m 913[2mms[22m[39m
[90mstdout[2m | tests/simpleBedestenService.test.ts[2m > [22m[2msimpleBedestenService[2m > [22m[2mprefers agent searchSeedText over keyword and rawQuery in CLI mode
[22m[39m[Simple Bedesten CLI] start variants=2 source=all courts=YARGITAYKARARI
[Simple Bedesten CLI] attempt mode=default birim=H9 timeout=12000ms

[90mstdout[2m | tests/simpleBedestenService.test.ts[2m > [22m[2msimpleBedestenService[2m > [22m[2mreturns CLI search results directly without local filtering
[22m[39m[Simple Bedesten CLI] start variants=1 source=all courts=YARGITAYKARARI
[Simple Bedesten CLI] attempt mode=default birim=H9 timeout=12000ms

[90mstdout[2m | tests/simpleBedestenService.test.ts[2m > [22m[2msimpleBedestenService[2m > [22m[2muses the raw CLI result list for ceza queries too
[22m[39m[Simple Bedesten CLI] start variants=2 source=all courts=YARGITAYKARARI
[Simple Bedesten CLI] attempt mode=default birim=ALL timeout=12000ms

[90mstdout[2m | tests/simpleBedestenService.test.ts[2m > [22m[2msimpleBedestenService[2m > [22m[2mtries agent provided CLI query variants sequentially and keeps the first successful one in diagnostics
[22m[39m[Simple Bedesten CLI] start variants=2 source=all courts=ISTINAFHUKUK
[Simple Bedesten CLI] attempt mode=strict birim=ALL timeout=12000ms

[90mstdout[2m | tests/simpleBedestenService.test.ts[2m > [22m[2msimpleBedestenService[2m > [22m[2mtries agent provided CLI query variants sequentially and keeps the first successful one in diagnostics
[22m[39m[Simple Bedesten CLI] attempt mode=broad birim=ALL timeout=12000ms

[90mstdout[2m | tests/simpleBedestenService.test.ts[2m > [22m[2msimpleBedestenService[2m > [22m[2mcaps CLI variants in auto mode and avoids HTTP fallback when CLI attempts fail
[22m[39m[Simple Bedesten CLI] start variants=2 source=all courts=YARGITAYKARARI
[Simple Bedesten CLI] attempt mode=strict birim=ALL timeout=12000ms

[90mstdout[2m | tests/simpleBedestenService.test.ts[2m > [22m[2msimpleBedestenService[2m > [22m[2mcaps CLI variants in auto mode and avoids HTTP fallback when CLI attempts fail
[22m[39m[Simple Bedesten CLI] attempt mode=broad birim=ALL timeout=12000ms

[90mstdout[2m | tests/simpleBedestenService.test.ts[2m > [22m[2msimpleBedestenService[2m > [22m[2mfalls through to HTTP search in auto mode when CLI returns empty results
[22m[39m[Simple Bedesten CLI] start variants=2 source=all courts=YARGITAYKARARI
[Simple Bedesten CLI] attempt mode=default birim=ALL timeout=12000ms

[90mstdout[2m | tests/simpleBedestenService.test.ts[2m > [22m[2msimpleBedestenService[2m > [22m[2mfalls through to HTTP search in auto mode when CLI returns empty results
[22m[39m[Simple Bedesten CLI] attempt mode=direct_short birim=ALL timeout=12000ms

node.exe : [90mstderr[2m | tests/simpleBedestenService.test.ts[2m > [22m[2
msimpleBedestenService[2m > [22m[2mfalls through to HTTP search in auto mode
 when CLI returns empty results
At C:\Program Files\nodejs\npx.ps1:29 char:3
+   & $NODE_EXE $NPX_CLI_JS $args
+   ~~~~~~~~~~~~~~~~~~~~~~~~~~~~~
    + CategoryInfo          : NotSpecified: ([90mstderr[2m...s empty results 
   :String) [], RemoteException
    + FullyQualifiedErrorId : NativeCommandError
 
[22m[39m[Simple Bedesten CLI] empty result, falling back to HTTP source=all e
lapsed=1ms

 [31mÔØ»[39m tests/simpleBedestenService.test.ts [2m([22m[2m27 tests[22m[2m | [22m[31m4 failed[39m[2m)[22m[33m 1725[2mms[22m[39m
[31m     [31m├ù[31m prefers agent searchSeedText over keyword and rawQuery in CLI mode[39m[33m 999[2mms[22m[39m
     [32mÔ£ô[39m can use CLI transport for simple document retrieval when requested[32m 2[2mms[22m[39m
[31m     [31m├ù[31m returns CLI search results directly without local filtering[39m[32m 157[2mms[22m[39m
[31m     [31m├ù[31m uses the raw CLI result list for ceza queries too[39m[32m 17[2mms[22m[39m
[31m     [31m├ù[31m tries agent provided CLI query variants sequentially and keeps the first successful one in diagnostics[39m[32m 17[2mms[22m[39m
     [32mÔ£ô[39m caps CLI variants in auto mode and avoids HTTP fallback when CLI attempts fail[32m 14[2mms[22m[39m
     [32mÔ£ô[39m falls through to HTTP search in auto mode when CLI returns empty results[32m 42[2mms[22m[39m
     [32mÔ£ô[39m builds a required-term variant from a compact legal query[32m 1[2mms[22m[39m
     [32mÔ£ô[39m builds a quoted required-phrase variant in Yargitay search syntax[32m 2[2mms[22m[39m
     [32mÔ£ô[39m runs one extra query variant in pro mode after an empty first response[32m 13[2mms[22m[39m
     [32mÔ£ô[39m reranks pro results with document content so substantive matches beat procedural ones[32m 15[2mms[22m[39m
     [32mÔ£ô[39m reranks beyond the first five candidates when a later document matches the real dispute better[32m 24[2mms[22m[39m
     [32mÔ£ô[39m pushes idare substantive matches above procedural Danistay decisions[32m 11[2mms[22m[39m
     [32mÔ£ô[39m targets the preferred chamber first for is hukuku queries[32m 49[2mms[22m[39m
     [32mÔ£ô[39m prefers provided keyword seeds over noisy long raw text when building the search phrase[32m 132[2mms[22m[39m
     [32mÔ£ô[39m uses legalSearchPacket as the primary routing and query source when provided[32m 12[2mms[22m[39m
     [32mÔ£ô[39m does not lock generic ceza file searches to Ceza Genel Kurulu by default[32m 0[2mms[22m[39m
     [32mÔ£ô[39m builds focused ceza variants for uyu┼şturucu trade files[32m 1[2mms[22m[39m
     [32mÔ£ô[39m keeps expanded substantive signal dictionaries above the x3 floor for critical domains[32m 2[2mms[22m[39m
     [32mÔ£ô[39m builds focused gayrimenkul variants from tapu and kira disputes[32m 7[2mms[22m[39m
     [32mÔ£ô[39m keeps ceza long-text files in the ceza domain instead of drifting to is hukuku[32m 38[2mms[22m[39m
     [32mÔ£ô[39m compacts long ceza procedural text around the real crime instead of dates and docket numbers[32m 6[2mms[22m[39m
     [32mÔ£ô[39m routes idare-like text to Danistay in the simple path[32m 47[2mms[22m[39m
     [32mÔ£ô[39m routes gayrimenkul-like text to the standalone gayrimenkul domain[32m 48[2mms[22m[39m
     [32mÔ£ô[39m pushes procedural gayrimenkul decisions below substantive tapu decisions[32m 11[2mms[22m[39m
     [32mÔ£ô[39m reranks fallback results toward the expected chamber[32m 45[2mms[22m[39m
     [32mÔ£ô[39m converts html document content into plain markdown-like text[32m 6[2mms[22m[39m
 [32mÔ£ô[39m tests/geminiServiceCoverage95.test.ts [2m([22m[2m101 tests[22m[2m)[22m[33m 630[2mms[22m[39m
 [32mÔ£ô[39m tests/Pricing.test.tsx [2m([22m[2m2 tests[22m[2m)[22m[33m 874[2mms[22m[39m
     [33m[2mÔ£ô[22m[39m starts Stripe checkout for authenticated users on paid plan selection [33m 682[2mms[22m[39m
 [32mÔ£ô[39m tests/legalSearchPlan.test.ts [2m([22m[2m19 tests[22m[2m)[22m[33m 1568[2mms[22m[39m
     [33m[2mÔ£ô[22m[39m counts transient transport retries without changing prompt behavior [33m 1291[2mms[22m[39m
 [32mÔ£ô[39m tests/legalGetDocumentHandler.test.ts [2m([22m[2m3 tests[22m[2m)[22m[33m 460[2mms[22m[39m
     [33m[2mÔ£ô[22m[39m uses simple Bedesten document retrieval first [33m 376[2mms[22m[39m
 [32mÔ£ô[39m tests/legalSearchClientRetry.test.ts [2m([22m[2m2 tests[22m[2m)[22m[33m 348[2mms[22m[39m
 [32mÔ£ô[39m tests/legalSearchDomainMatrix.test.ts [2m([22m[2m65 tests[22m[2m)[22m[33m 509[2mms[22m[39m
 [32mÔ£ô[39m tests/templatesCatalog.test.ts [2m([22m[2m7 tests[22m[2m)[22m[32m 282[2mms[22m[39m
 [32mÔ£ô[39m tests/templatesApi.test.ts [2m([22m[2m10 tests[22m[2m)[22m[32m 223[2mms[22m[39m
 [32mÔ£ô[39m tests/AppRouter.test.tsx [2m([22m[2m2 tests[22m[2m)[22m[32m 206[2mms[22m[39m
 [32mÔ£ô[39m tests/routeGuards.test.tsx [2m([22m[2m6 tests[22m[2m)[22m[32m 201[2mms[22m[39m
 [32mÔ£ô[39m tests/legalMultiStrategyRawQuery.test.ts [2m([22m[2m1 test[22m[2m)[22m[32m 213[2mms[22m[39m
 [32mÔ£ô[39m tests/geminiService.test.ts [2m([22m[2m13 tests[22m[2m)[22m[32m 194[2mms[22m[39m
[90mstdout[2m | tests/cliBedestenBridge.test.ts[2m > [22m[2mcliBedestenBridge[2m > [22m[2mparses Bedesten search JSON from CLI stdout
[22m[39m[YARGI_CLI] search:request {"phrase":"tazminat","courtTypes":["YARGITAYKARARI"],"birimAdi":"H9","timeoutMs":20000}
[YARGI_CLI] spawn:start {"command":"fake-yargi","args":["bedesten","search","tazminat","-p","2","-c","YARGITAYKARARI","-b","H9"],"timeoutMs":20000}
[YARGI_CLI] spawn:stdout {"pid":null,"chunk":1,"preview":"{\"decisions\":[{\"documentId\":\"123\",\"birimAdi\":\"9. Hukuk Dairesi\",\"esasNo\":\"2024/1\"}]}"}
[YARGI_CLI] spawn:close {"pid":null,"code":0,"timedOut":false,"aborted":false,"stdoutChunks":1,"stderrChunks":0}
[YARGI_CLI] spawn:success {"pid":null,"stdoutChunks":1,"stderrChunks":0,"stdoutPreview":"{\"decisions\":[{\"documentId\":\"123\",\"birimAdi\":\"9. Hukuk Dairesi\",\"esasNo\":\"2024/1\"}]}","stderrPreview":""}

[90mstdout[2m | tests/cliBedestenBridge.test.ts[2m > [22m[2mcliBedestenBridge[2m > [22m[2mparses Bedesten search JSON from CLI stdout
[22m[39m[YARGI_CLI] search:response {"decisionCount":1}

[90mstdout[2m | tests/cliBedestenBridge.test.ts[2m > [22m[2mcliBedestenBridge[2m > [22m[2mnormalizes operator-heavy phrases before sending them to CLI
[22m[39m[YARGI_CLI] search:request {"phrase":"ise iade gecersiz fesih","courtTypes":["YARGITAYKARARI"],"birimAdi":"ALL","timeoutMs":20000}
[YARGI_CLI] spawn:start {"command":"fake-yargi","args":["bedesten","search","ise iade gecersiz fesih","-p","1","-c","YARGITAYKARARI"],"timeoutMs":20000}
[YARGI_CLI] spawn:stdout {"pid":null,"chunk":1,"preview":"{\"decisions\":[]}"}
[YARGI_CLI] spawn:close {"pid":null,"code":0,"timedOut":false,"aborted":false,"stdoutChunks":1,"stderrChunks":0}
[YARGI_CLI] spawn:success {"pid":null,"stdoutChunks":1,"stderrChunks":0,"stdoutPreview":"{\"decisions\":[]}","stderrPreview":""}

[90mstdout[2m | tests/cliBedestenBridge.test.ts[2m > [22m[2mcliBedestenBridge[2m > [22m[2mnormalizes operator-heavy phrases before sending them to CLI
[22m[39m[YARGI_CLI] search:response {"decisionCount":0}

[90mstdout[2m | tests/cliBedestenBridge.test.ts[2m > [22m[2mcliBedestenBridge[2m > [22m[2mparses Bedesten doc JSON from CLI stdout
[22m[39m[YARGI_CLI] doc:request {"documentId":"998877"}
[YARGI_CLI] spawn:start {"command":"fake-yargi","args":["bedesten","doc","998877"],"timeoutMs":20000}
[YARGI_CLI] spawn:stdout {"pid":null,"chunk":1,"preview":"{\"documentId\":\"998877\",\"markdownContent\":\"# Karar\\n\\nMetin\",\"sourceUrl\":\"https://mevzuat.adalet.gov.tr/ictihat/998877\",\"mimeType\":\"text/html\"}"}
[YARGI_CLI] spawn:close {"pid":null,"code":0,"timedOut":false,"aborted":false,"stdoutChunks":1,"stderrChunks":0}
[YARGI_CLI] spawn:success {"pid":null,"stdoutChunks":1,"stderrChunks":0,"stdoutPreview":"{\"documentId\":\"998877\",\"markdownContent\":\"# Karar\\n\\nMetin\",\"sourceUrl\":\"https://mevzuat.adalet.gov.tr/ictihat/998877\",\"mimeType\":\"text/html\"}","stderrPreview":""}

[90mstdout[2m | tests/cliBedestenBridge.test.ts[2m > [22m[2mcliBedestenBridge[2m > [22m[2mparses Bedesten doc JSON from CLI stdout
[22m[39m[YARGI_CLI] doc:response {"documentId":"998877","hasMarkdown":true}

[90mstdout[2m | tests/cliBedestenBridge.test.ts[2m > [22m[2mcliBedestenBridge[2m > [22m[2msurfaces CLI command errors as backend errors
[22m[39m[YARGI_CLI] search:request {"phrase":"tazminat","courtTypes":[],"birimAdi":"ALL","timeoutMs":20000}
[YARGI_CLI] spawn:start {"command":"fake-yargi","args":["bedesten","search","tazminat","-p","1"],"timeoutMs":20000}
[YARGI_CLI] spawn:stdout {"pid":null,"chunk":1,"preview":"{\"error\":\"CLI hata verdi\"}"}
[YARGI_CLI] spawn:close {"pid":null,"code":1,"timedOut":false,"aborted":false,"stdoutChunks":1,"stderrChunks":0}

[90mstderr[2m | tests/cliBedestenBridge.test.ts[2m > [22m[2mcliBedestenBri
dge[2m > [22m[2msurfaces CLI command errors as backend errors
[22m[39m[YARGI_CLI] spawn:error {"pid":null,"code":"yargi_cli_command_failed"
,"message":"CLI hata verdi","stdoutChunks":1,"stderrChunks":0,"stdoutPreview":"
{\"error\":\"CLI hata verdi\"}","stderrPreview":""}

[90mstdout[2m | tests/cliBedestenBridge.test.ts[2m > [22m[2mcliBedestenBridge[2m > [22m[2maborts the running CLI command when the request is cancelled
[22m[39m[YARGI_CLI] search:request {"phrase":"tazminat","courtTypes":[],"birimAdi":"ALL","timeoutMs":20000}
[YARGI_CLI] spawn:start {"command":"fake-yargi","args":["bedesten","search","tazminat","-p","1"],"timeoutMs":20000}

[90mstderr[2m | tests/cliBedestenBridge.test.ts[2m > [22m[2mcliBedestenBri
dge[2m > [22m[2maborts the running CLI command when the request is cancelled
[22m[39m[YARGI_CLI] spawn:terminate {"pid":null,"timedOut":false,"aborted":tr
ue}
[YARGI_CLI] spawn:error {"pid":null,"code":"REQUEST_ABORTED","message":"REQUEST
_ABORTED","stdoutChunks":0,"stderrChunks":0,"stdoutPreview":"","stderrPreview":
""}

[90mstdout[2m | tests/cliBedestenBridge.test.ts[2m > [22m[2mcliBedestenBridge[2m > [22m[2mrejects immediately on CLI timeout without waiting for close
[22m[39m[YARGI_CLI] search:request {"phrase":"tazminat","courtTypes":[],"birimAdi":"ALL","timeoutMs":25}
[YARGI_CLI] spawn:start {"command":"fake-yargi","args":["bedesten","search","tazminat","-p","1"],"timeoutMs":25}

[90mstderr[2m | tests/cliBedestenBridge.test.ts[2m > [22m[2mcliBedestenBri
dge[2m > [22m[2mrejects immediately on CLI timeout without waiting for close
[22m[39m[YARGI_CLI] spawn:timeout {"pid":null,"timeoutMs":25,"stdoutChunks":0
,"stderrChunks":0}
[YARGI_CLI] spawn:terminate {"pid":null,"timedOut":true,"aborted":false}
[YARGI_CLI] spawn:error {"pid":null,"code":"yargi_cli_timeout","message":"Yargi
 CLI zaman asimina ugradi.","stdoutChunks":0,"stderrChunks":0,"stdoutPreview":"
","stderrPreview":""}

 [32mÔ£ô[39m tests/cliBedestenBridge.test.ts [2m([22m[2m6 tests[22m[2m)[22m[32m 97[2mms[22m[39m
 [32mÔ£ô[39m tests/legalSemantic.test.ts [2m([22m[2m26 tests[22m[2m)[22m[32m 156[2mms[22m[39m
 [32mÔ£ô[39m tests/legalSearchSkill.test.ts [2m([22m[2m10 tests[22m[2m)[22m[32m 284[2mms[22m[39m
 [32mÔ£ô[39m tests/clientService.test.ts [2m([22m[2m8 tests[22m[2m)[22m[32m 46[2mms[22m[39m
 [32mÔ£ô[39m tests/legalLiveReportScripts.test.ts [2m([22m[2m4 tests[22m[2m)[22m[32m 20[2mms[22m[39m
 [32mÔ£ô[39m tests/legalSearchRequestMode.test.ts [2m([22m[2m3 tests[22m[2m)[22m[32m 20[2mms[22m[39m
 [32mÔ£ô[39m tests/generatePetitionPrompt.test.ts [2m([22m[2m4 tests[22m[2m)[22m[32m 19[2mms[22m[39m
 [32mÔ£ô[39m tests/altAppAgentSearchConsole.test.ts [2m([22m[2m4 tests[22m[2m)[22m[32m 15[2mms[22m[39m
 [32mÔ£ô[39m tests/feeTariffs.test.ts [2m([22m[2m6 tests[22m[2m)[22m[32m 13[2mms[22m[39m
 [32mÔ£ô[39m tests/yargiMcpLive10.test.ts [2m([22m[2m3 tests[22m[2m)[22m[32m 17[2mms[22m[39m
 [32mÔ£ô[39m tests/petitionGenerationPayload.test.ts [2m([22m[2m3 tests[22m[2m)[22m[32m 14[2mms[22m[39m
 [32mÔ£ô[39m tests/transientStorage.test.ts [2m([22m[2m3 tests[22m[2m)[22m[32m 13[2mms[22m[39m
 [32mÔ£ô[39m tests/legalSearchRerank.test.ts [2m([22m[2m4 tests[22m[2m)[22m[32m 13[2mms[22m[39m
[90mstdout[2m | tests/benchmark_5_domains.test.ts
[22m[39m[dotenv@17.2.3] injecting env (0) from .env -- tip: ­şöÉ prevent building .env in docker: https://dotenvx.com/prebuild

 [2m[90mÔåô[39m[22m tests/benchmark_5_domains.test.ts [2m([22m[2m1 test[22m[2m | [22m[33m1 skipped[39m[2m)[22m
[90mstdout[2m | tests/benchmark_hard_cases.test.ts
[22m[39m[dotenv@17.2.3] injecting env (0) from .env -- tip: ­şöÉ encrypt with Dotenvx: https://dotenvx.com

 [2m[90mÔåô[39m[22m tests/benchmark_hard_cases.test.ts [2m([22m[2m1 test[22m[2m | [22m[33m1 skipped[39m[2m)[22m

[31mÔÄ»ÔÄ»ÔÄ»ÔÄ»ÔÄ»ÔÄ»ÔÄ»[39m[1m[41m Failed Tests 4 [49m[22m[31mÔÄ»ÔÄ»ÔÄ
»ÔÄ»ÔÄ»ÔÄ»ÔÄ»[39m

[41m[1m FAIL [22m[49m tests/simpleBedestenService.test.ts[2m > [22msimple
BedestenService[2m > [22mprefers agent searchSeedText over keyword and rawQue
ry in CLI mode
[31m[1mAssertionError[22m: expected "vi.fn()" to not be called at all, but a
ctually been called 1 times[90m

Received: 

[1m  1st vi.fn() call:

[22m    Array [
      Object {
        "abortSignal": null,
        "documentId": "cli-1",
      },
    ]
[31m[90m

Number of calls: [1m1[22m
[31m[39m
[36m [2mÔØ»[22m tests/simpleBedestenService.test.ts:[2m74:59[22m[39m
    [90m 72| [39m
    [90m 73| [39m        expect(cliBridgeMocks.searchDecisionsViaYargiCli).to
HaveBeenCaÔÇĞ
    [90m 74| [39m        expect(cliBridgeMocks.getDocumentViaYargiCli).not.to
HaveBeenCaÔÇĞ
    [90m   | [39m                                                          [
31m^[39m
    [90m 75| [39m        expect(cliBridgeMocks.searchDecisionsViaYargiCli.moc
k.calls[0]ÔÇĞ
    [90m 76| [39m            phrase[33m:[39m [32m'Ise iade gecersiz fesih'
[39m[33m,[39m

[31m[2mÔÄ»ÔÄ»ÔÄ»ÔÄ»ÔÄ»ÔÄ»ÔÄ»ÔÄ»ÔÄ»ÔÄ»ÔÄ»ÔÄ»ÔÄ»ÔÄ»ÔÄ»ÔÄ»ÔÄ»ÔÄ»ÔÄ»ÔÄ»ÔÄ»ÔÄ»ÔÄ»Ô
Ä»[1/4]ÔÄ»[22m[39m

[41m[1m FAIL [22m[49m tests/simpleBedestenService.test.ts[2m > [22msimple
BedestenService[2m > [22mreturns CLI search results directly without local fi
ltering
[31m[1mAssertionError[22m: expected [] to have a length of 1 but got +0[39m

[32m- Expected[39m
[31m+ Received[39m

[32m- 1[39m
[31m+ 0[39m

[36m [2mÔØ»[22m tests/simpleBedestenService.test.ts:[2m125:33[22m[39m
    [90m123| [39m        })[33m;[39m
    [90m124| [39m
    [90m125| [39m        [34mexpect[39m(payload[33m.[39mresults)[33m.[3
9m[34mtoHaveLength[39m([34m1[39m)[33m;[39m
    [90m   | [39m                                [31m^[39m
    [90m126| [39m        [34mexpect[39m(payload[33m.[39mresults[[34m0[3
9m][33m.[39mdaire)[33m.[39m[34mtoBe[39m([32m'4. Ceza Dairesi'[39m)[33m
;[39m
    [90m127| [39m        expect(payload.retrievalDiagnostics.zeroResultReason
).toBeNullÔÇĞ

[31m[2mÔÄ»ÔÄ»ÔÄ»ÔÄ»ÔÄ»ÔÄ»ÔÄ»ÔÄ»ÔÄ»ÔÄ»ÔÄ»ÔÄ»ÔÄ»ÔÄ»ÔÄ»ÔÄ»ÔÄ»ÔÄ»ÔÄ»ÔÄ»ÔÄ»ÔÄ»ÔÄ»Ô
Ä»[2/4]ÔÄ»[22m[39m

[41m[1m FAIL [22m[49m tests/simpleBedestenService.test.ts[2m > [22msimple
BedestenService[2m > [22muses the raw CLI result list for ceza queries too
[31m[1mAssertionError[22m: expected [] to have a length of 1 but got +0[39m

[32m- Expected[39m
[31m+ Received[39m

[32m- 1[39m
[31m+ 0[39m

[36m [2mÔØ»[22m tests/simpleBedestenService.test.ts:[2m149:33[22m[39m
    [90m147| [39m        })[33m;[39m
    [90m148| [39m
    [90m149| [39m        [34mexpect[39m(payload[33m.[39mresults)[33m.[3
9m[34mtoHaveLength[39m([34m1[39m)[33m;[39m
    [90m   | [39m                                [31m^[39m
    [90m150| [39m        [34mexpect[39m(payload[33m.[39mresults[[34m0[3
9m][33m.[39mdocumentId)[33m.[39m[34mtoBe[39m([32m'cli-ceza-1'[39m)[33m
;[39m
    [90m151| [39m        expect(cliBridgeMocks.getDocumentViaYargiCli).not.to
HaveBeenCaÔÇĞ

[31m[2mÔÄ»ÔÄ»ÔÄ»ÔÄ»ÔÄ»ÔÄ»ÔÄ»ÔÄ»ÔÄ»ÔÄ»ÔÄ»ÔÄ»ÔÄ»ÔÄ»ÔÄ»ÔÄ»ÔÄ»ÔÄ»ÔÄ»ÔÄ»ÔÄ»ÔÄ»ÔÄ»Ô
Ä»[3/4]ÔÄ»[22m[39m

[41m[1m FAIL [22m[49m tests/simpleBedestenService.test.ts[2m > [22msimple
BedestenService[2m > [22mtries agent provided CLI query variants sequentially
 and keeps the first successful one in diagnostics
[31m[1mAssertionError[22m: expected [] to have a length of 1 but got +0[39m

[32m- Expected[39m
[31m+ Received[39m

[32m- 1[39m
[31m+ 0[39m

[36m [2mÔØ»[22m tests/simpleBedestenService.test.ts:[2m184:33[22m[39m
    [90m182| [39m
    [90m183| [39m        expect(cliBridgeMocks.searchDecisionsViaYargiCli).to
HaveBeenCaÔÇĞ
    [90m184| [39m        [34mexpect[39m(payload[33m.[39mresults)[33m.[3
9m[34mtoHaveLength[39m([34m1[39m)[33m;[39m
    [90m   | [39m                                [31m^[39m
    [90m185| [39m        expect(payload.retrievalDiagnostics.queryVariants.le
ngth).toBeÔÇĞ
    [90m186| [39m        expect(payload.retrievalDiagnostics.selectedQueryVar
iant).toBeÔÇĞ

[31m[2mÔÄ»ÔÄ»ÔÄ»ÔÄ»ÔÄ»ÔÄ»ÔÄ»ÔÄ»ÔÄ»ÔÄ»ÔÄ»ÔÄ»ÔÄ»ÔÄ»ÔÄ»ÔÄ»ÔÄ»ÔÄ»ÔÄ»ÔÄ»ÔÄ»ÔÄ»ÔÄ»Ô
Ä»[4/4]ÔÄ»[22m[39m


[2m Test Files [22m [1m[31m1 failed[39m[22m[2m | [22m[1m[32m27 passed[39m[22m[2m | [22m[33m2 skipped[39m[90m (30)[39m
[2m      Tests [22m [1m[31m4 failed[39m[22m[2m | [22m[1m[32m351 passed[39m[22m[2m | [22m[33m2 skipped[39m[90m (357)[39m
[2m   Start at [22m 17:44:25
[2m   Duration [22m 75.19s[2m (transform 17.12s, setup 13.94s, import 30.18s, tests 20.65s, environment 120.84s)[22m

